---
source: tests/snapshot_tests.rs
expression: types_content
---
---
title: types
---

**test_crate > types**

# Module: types

## Structs

[`Container`](struct.Container) — A generic container for items of type `T`.

[`Pair`](struct.Pair) — A pair of related values.

[`RefStruct`](struct.RefStruct) — A struct with a lifetime parameter.

## Enums

[`Status`](enum.Status) — Represents the status of an operation.

## Constants

[`DEFAULT_CAPACITY`](constant.DEFAULT_CAPACITY) — The default capacity for containers.

[`MAX_RETRIES`](constant.MAX_RETRIES) — The maximum number of retries.

## Type Aliases

[`Map`](type.Map) — A type alias for a generic key-value map.

[`StringMap`](type.StringMap) — A type alias for a string-to-string map.
