---
source: tests/snapshot_tests.rs
expression: functions_content
---
---
title: functions
---

**test_crate > functions**

# Module: functions

## Functions

[`add`](fn.add) — Adds two numbers together.

[`async_function`](fn.async_function) — An async function that simulates fetching data.

[`complex_generics`](fn.complex_generics) — A function that takes multiple generic parameters with different bounds.

[`const_function`](fn.const_function) — A const function that can be evaluated at compile time.

[`filter`](fn.filter) — Filters a slice based on a predicate.

[`for_each`](fn.for_each) — Applies a closure to each element in a slice.

[`higher_order_function`](fn.higher_order_function) — A higher-order function that applies a function to a value.

[`map`](fn.map) — Maps a slice to a new vector using a closure.

[`multiply`](fn.multiply) — Multiplies two values that implement `Mul`.

[`process_mut_slice`](fn.process_mut_slice) — Mutates a byte slice in place.

[`process_slice`](fn.process_slice) — Processes a byte slice and returns a new vector.

[`unsafe_function`](fn.unsafe_function) — An unsafe function that dereferences a raw pointer.
