---
source: tests/snapshot_tests.rs
expression: file_paths
---
[
    "async_example/fn.async_with_args.md",
    "async_example/fn.boxed_future.md",
    "async_example/fn.generic_async.md",
    "async_example/fn.returns_future.md",
    "async_example/fn.simple_async.md",
    "async_example/index.md",
    "async_example/struct.AsyncCounter.md",
    "async_example/struct.AsyncStruct.md",
    "async_example/trait.AsyncIterator.md",
    "async_example/trait.AsyncTrait.md",
    "constant.MAX_SIZE.md",
    "constant.MIN_SIZE.md",
    "constant.VERSION.md",
    "enum.ComplexEnum.md",
    "enum.GenericEnum.md",
    "enum.SimpleEnum.md",
    "errors/enum.CustomError.md",
    "errors/fn.chain_errors.md",
    "errors/fn.fallible_operation.md",
    "errors/fn.operation_with_context.md",
    "errors/index.md",
    "errors/struct.ErrorContext.md",
    "errors/trait.IntoContext.md",
    "errors/type.Result.md",
    "fn.const_function.md",
    "fn.function_with_args.md",
    "fn.function_with_result.md",
    "fn.generic_function.md",
    "fn.multiple_bounds.md",
    "fn.simple_function.md",
    "fn.unsafe_function.md",
    "functions/fn.add.md",
    "functions/fn.async_function.md",
    "functions/fn.complex_generics.md",
    "functions/fn.const_function.md",
    "functions/fn.filter.md",
    "functions/fn.for_each.md",
    "functions/fn.function_with_very_long_signature.md",
    "functions/fn.higher_order_function.md",
    "functions/fn.map.md",
    "functions/fn.multiply.md",
    "functions/fn.process_mut_slice.md",
    "functions/fn.process_slice.md",
    "functions/fn.unsafe_function.md",
    "functions/index.md",
    "index.md",
    "lifetimes/enum.LifetimeEnum.md",
    "lifetimes/fn.higher_ranked_trait_bound.md",
    "lifetimes/fn.lifetime_function.md",
    "lifetimes/fn.multiple_lifetimes.md",
    "lifetimes/index.md",
    "lifetimes/struct.BorrowedData.md",
    "lifetimes/struct.DoubleBorrow.md",
    "lifetimes/struct.LifetimeStruct.md",
    "lifetimes/struct.LifetimeWithBound.md",
    "lifetimes/trait.LifetimeTrait.md",
    "nested/index.md",
    "nested/inner/deep/deeper/index.md",
    "nested/inner/deep/deeper/struct.DeeperStruct.md",
    "nested/inner/deep/fn.deep_function.md",
    "nested/inner/deep/index.md",
    "nested/inner/deep/struct.DeepStruct.md",
    "nested/inner/fn.inner_function.md",
    "nested/inner/index.md",
    "nested/inner/struct.InnerStruct.md",
    "nested/reexport_test/enum.GlobEnum.md",
    "nested/reexport_test/fn.glob_function.md",
    "nested/reexport_test/index.md",
    "nested/reexport_test/items/enum.GlobEnum.md",
    "nested/reexport_test/items/fn.glob_function.md",
    "nested/reexport_test/items/index.md",
    "nested/reexport_test/items/struct.GlobStruct.md",
    "nested/reexport_test/struct.GlobStruct.md",
    "nested/struct.OuterStruct.md",
    "patterns/index.md",
    "patterns/struct.Builder.md",
    "patterns/struct.Built.md",
    "patterns/struct.Closed.md",
    "patterns/struct.Handle.md",
    "patterns/struct.Newtype.md",
    "patterns/struct.Open.md",
    "patterns/struct.TypeState.md",
    "patterns/struct.Visitor.md",
    "struct.BoundedGeneric.md",
    "struct.Error.md",
    "struct.GenericStruct.md",
    "struct.PlainStruct.md",
    "struct.TupleStruct.md",
    "struct.UnitStruct.md",
    "trait.DisplayDebug.md",
    "trait.MyTrait.md",
    "traits/index.md",
    "traits/private/index.md",
    "traits/private/trait.SealedTrait.md",
    "traits/struct.AssociatedImpl.md",
    "traits/struct.SealedType.md",
    "traits/trait.Associated.md",
    "traits/trait.ComplexBounds.md",
    "traits/trait.Converter.md",
    "traits/trait.DefaultImpl.md",
    "traits/trait.Display.md",
    "traits/trait.ExtensionTrait.md",
    "traits/trait.FromIterator.md",
    "traits/trait.GenericTrait.md",
    "traits/trait.Iterator.md",
    "traits/trait.Sealed.md",
    "traits/trait.SuperTrait.md",
    "type.GenericResult.md",
    "type.Result.md",
    "types/constant.DEFAULT_CAPACITY.md",
    "types/constant.MAX_RETRIES.md",
    "types/enum.Status.md",
    "types/index.md",
    "types/struct.Container.md",
    "types/struct.Pair.md",
    "types/struct.RefStruct.md",
    "types/type.Map.md",
    "types/type.StringMap.md",
]
